28
1
5
53
2
5
78
3
5
103
4
5
128
5
5
153
6
5
178
7
5
203
8
5
228
9
5
253
10
5
278
11
5
303
12
5
328
13
5
353
14
5
378
15
5
403
16
5
428
17
5
453
18
5
478
19
5
503
20
5
528
21
5
553
22
5
578
23
5
603
24
5
628
25
5
653
26
5
678
27
5
703
28
5
728
29
5
753
30
5
778
31
5
803
32
5
828
33
5
853
34
5
878
35
5
903
36
5
928
37
5
953
38
5
978
39
5
1003
40
5
1028
41
5
1053
42
5
1078
43
5
1103
44
5
1128
45
5
1153
46
5
1178
47
5
1203
48
5
1228
49
5
1253
50
5
1278
51
5
1303
52
5
1328
53
5
1353
54
5
1378
55
5
1403
56
5
1428
57
5
1453
58
5
1478
59
5
1503
60
5
1528
61
5
1553
62
5
1578
63
5
1603
64
5
1628
65
5
1653
66
5
1678
67
5
1703
68
5
1728
69
5
1753
70
5
1778
71
5
1803
72
5
1828
73
5
1853
74
5
1878
75
5
1903
76
5
1928
77
5
1953
78
5
1978
79
5
2003
80
5
2028
81
5
2053
82
5
2078
83
5
2103
84
5
2128
85
5
2153
86
5
2178
87
5
2203
88
5
2228
89
5
2253
90
5
2278
91
5
2303
92
5
2328
93
5
2353
94
5
2378
95
5
2403
96
5
2428
97
5
2453
98
5
2478
99
5
2503
100
5
2528
101
5
2553
102
5
2578
103
5
2603
104
5
2628
105
5
2653
106
5
2678
107
5
2703
108
5
2728
109
5
2753
110
5
2778
111
5
2803
112
5
2828
113
5
2853
114
5
2878
115
5
2903
116
5
2928
117
5
2953
118
5
2978
119
5
3003
120
5
3028
121
5
3053
122
5
3078
123
5
3103
124
5
3128
125
5
3153
126
5
3178
127
5
3203
128
5
3228
129
5
3253
130
5
3278
131
5
3303
132
5
3328
133
5
3353
134
5
3378
135
5
3403
136
5
3428
137
5
3453
138
5
3478
139
5
3503
140
5
3528
141
5
3553
142
5
3578
143
5
3603
144
5
3628
145
5
3653
146
5
3678
147
5
3703
148
5
3728
149
5
3753
150
5
3778
151
5
3803
152
5
3828
153
5
3853
154
5
3878
155
5
3903
156
5
3928
157
5
3953
158
5
3978
159
5
4003
160
5
4028
161
5
4053
162
5
4078
163
5
4103
164
5
4128
165
5
4153
166
5
4178
167
5
4203
168
5
4228
169
5
4253
170
5
4278
171
5
4303
172
5
4328
173
5
4353
174
5
4378
175
5
4403
176
5
4428
177
5
4453
178
5
4478
179
5
4503
180
5
4528
181
5
4553
182
5
4578
183
5
4603
184
5
4628
185
5
4653
186
5
4678
187
5
4703
188
5
4728
189
5
4753
190
5
4778
191
5
4803
192
5
4828
193
5
4853
194
5
4878
195
5
4903
196
5
4928
197
5
4953
198
5
4978
199
5
5003
200
5
5028
201
5
5053
202
5
5078
203
5
5103
204
5
5128
205
5
5153
206
5
5178
207
5
5203
208
5
5228
209
5
5253
210
5
5278
211
5
5303
212
5
5328
213
5
5353
214
5
5378
215
5
5403
216
5
5428
217
5
5453
218
5
5478
219
5
5503
220
5
5528
221
5
5553
222
5
5578
223
5
5603
224
5
5628
225
5
5653
226
5
5678
227
5
5703
228
5
5728
229
5
5753
230
5
5778
231
5
5803
232
5
5828
233
5
5853
234
5
5878
235
5
5903
236
5
5928
237
5
5953
238
5
5978
239
5
6003
240
5
6028
241
5
6053
242
5
6078
243
5
6103
244
5
6128
245
5
6153
246
5
6178
247
5
6203
248
5
6228
249
5
6253
250
5
6278
251
5
6303
252
5
6328
253
5
6353
254
5
6378
255
5
6403
256
5
6428
257
5
6453
258
5
6478
259
5
6503
260
5
6528
261
5
6553
262
5
6578
263
5
6603
264
5
6628
265
5
6653
266
5
6678
267
5
6703
268
5
6728
269
5
6753
270
5
6778
271
5
6803
272
5
6828
273
5
6853
274
5
6878
275
5
6903
276
5
6928
277
5
6953
278
5
6978
279
5
7003
280
5
7028
281
5
7053
282
5
7078
283
5
7103
284
5
7128
285
5
7153
286
5
7178
287
5
7203
288
5
7228
289
5
7253
290
5
7278
291
5
7303
292
5
7328
293
5
7353
294
5
7378
295
5
7403
296
5
7428
297
5
7453
298
5
7478
299
5
7503
300
5
7528
301
5
7553
302
5
7578
303
5
7603
304
5
7628
305
5
7653
306
5
7678
307
5
7703
308
5
7728
309
5
7753
310
5
7778
311
5
7803
312
5
7828
313
5
7853
314
5
7878
315
5
7903
316
5
7928
317
5
7953
318
5
7978
319
5
8003
320
5
8028
321
5
8053
322
5
8078
323
5
8103
324
5
8128
325
5
8153
326
5
8178
327
5
8203
328
5
8228
329
5
8253
330
5
8278
331
5
8303
332
5
8328
333
5
8353
334
5
8378
335
5
8403
336
5
8428
337
5
8453
338
5
8478
339
5
8503
340
5
8528
341
5
8553
342
5
8578
343
5
8603
344
5
8628
345
5
8653
346
5
8678
347
5
8703
348
5
8728
349
5
8753
350
5
8778
351
5
8803
352
5
8828
353
5
8853
354
5
8878
355
5
8903
356
5
8928
357
5
8953
358
5
8978
359
5
9003
360
5
9028
361
5
9053
362
5
9078
363
5
9103
364
5
9128
365
5
9153
366
5
9178
367
5
9203
368
5
9228
369
5
9253
370
5
9278
371
5
9303
372
5
9328
373
5
9353
374
5
9378
375
5
9403
376
5
9428
377
5
9453
378
5
9478
379
5
9503
380
5
9528
381
5
9553
382
5
9578
383
5
9603
384
5
9628
385
5
9653
386
5
9678
387
5
9703
388
5
9728
389
5
9753
390
5
9778
391
5
9803
392
5
9828
393
5
9853
394
5
9878
395
5
9903
396
5
9928
397
5
9953
398
5
9978
399
5
10003
400
5
10028
401
5
10053
402
5
10078
403
5
10103
404
5
10128
405
5
10153
406
5
10178
407
5
10203
408
5
10228
409
5
10253
410
5
10278
411
5
10303
412
5
10328
413
5
10353
414
5
10378
415
5
10403
416
5
10428
417
5
10453
418
5
10478
419
5
10503
420
5
10528
421
5
10553
422
5
10578
423
5
10603
424
5
10628
425
5
10653
426
5
10678
427
5
10703
428
5
10728
429
5
10753
430
5
10778
431
5
10803
432
5
10828
433
5
10853
434
5
10878
435
5
10903
436
5
10928
437
5
10953
438
5
10978
439
5
11003
440
5
11028
441
5
11053
442
5
11078
443
5
11103
444
5
11128
445
5
11153
446
5
11178
447
5
11203
448
5
11228
449
5
11253
450
5
11278
451
5
11303
452
5
11328
453
5
11353
454
5
11378
455
5
11403
456
5
11428
457
5
11453
458
5
11478
459
5
11503
460
5
11528
461
5
11553
462
5
11578
463
5
11603
464
5
11628
465
5
11653
466
5
11678
467
5
11703
468
5
11728
469
5
11753
470
5
11778
471
5
11803
472
5
11828
473
5
11853
474
5
11878
475
5
11903
476
5
11928
477
5
11953
478
5
11978
479
5
12003
480
5
12028
481
5
12053
482
5
12078
483
5
12103
484
5
12128
485
5
12153
486
5
12178
487
5
12203
488
5
12228
489
5
12253
490
5
12278
491
5
12303
492
5
12328
493
5
12353
494
5
12378
495
5
12403
496
5
12428
497
5
12453
498
5
12478
499
5
12503
500
5
12528
501
5
12553
502
5
12578
503
5
12603
504
5
12628
505
5
12653
506
5
12678
507
5
12703
508
5
12728
509
5
12753
510
5
12778
511
5
12803
512
5
12828
513
5
12853
514
5
12878
515
5
12903
516
5
12928
517
5
12953
518
5
12978
519
5
13003
520
5
13028
521
5
13053
522
5
13078
523
5
13103
524
5
13128
525
5
13153
526
5
13178
527
5
13203
528
5
13228
529
5
13253
530
5
13278
531
5
13303
532
5
13328
533
5
13353
534
5
13378
535
5
13403
536
5
13428
537
5
13453
538
5
13478
539
5
13503
540
5
13528
541
5
13553
542
5
13578
543
5
13603
544
5
13628
545
5
13653
546
5
13678
547
5
13703
548
5
13728
549
5
13753
550
5
13778
551
5
13803
552
5
13828
553
5
13853
554
5
13878
555
5
13903
556
5
13928
557
5
13953
558
5
13978
559
5
14003
560
5
14028
561
5
14053
562
5
14078
563
5
14103
564
5
14128
565
5
14153
566
5
14178
567
5
14203
568
5
14228
569
5
14253
570
5
14278
571
5
14303
572
5
14328
573
5
14353
574
5
14378
575
5
14403
576
5
14428
577
5
14453
578
5
14478
579
5
14503
580
5
14528
581
5
14553
582
5
14578
583
5
14603
584
5
14628
585
5
14653
586
5
14678
587
5
14703
588
5
14728
589
5
14753
590
5
14778
591
5
14803
592
5
14828
593
5
14853
594
5
14878
595
5
14903
596
5
14928
597
5
14953
598
5
14978
599
5
15003
600
5
15028
601
5
15053
602
5
15078
603
5
15103
604
5
15128
605
5
15153
606
5
15178
607
5
15203
608
5
15228
609
5
15253
610
5
15278
611
5
15303
612
5
15328
613
5
15353
614
5
15378
615
5
15403
616
5
15428
617
5
15453
618
5
15478
619
5
15503
620
5
15528
621
5
15553
622
5
15578
623
5
15603
624
5
15628
625
5
15653
626
5
15678
627
5
15703
628
5
15728
629
5
15753
630
5
15778
631
5
15803
632
5
15828
633
5
15853
634
5
15878
635
5
15903
636
5
15928
637
5
15953
638
5
15978
639
5
16003
640
5
16028
641
5
16053
642
5
16078
643
5
16103
644
5
16128
645
5
16153
646
5
16178
647
5
16203
648
5
16228
649
5
16253
650
5
16278
651
5
16303
652
5
16328
653
5
16353
654
5
16378
655
5
16403
656
5
16428
657
5
16453
658
5
16478
659
5
16503
660
5
16528
661
5
16553
662
5
16578
663
5
16603
664
5
16628
665
5
16653
666
5
16678
667
5
16703
668
5
16728
669
5
16753
670
5
16778
671
5
16803
672
5
16828
673
5
16853
674
5
16878
675
5
16903
676
5
16928
677
5
16953
678
5
16978
679
5
17003
680
5
17028
681
5
17053
682
5
17078
683
5
17103
684
5
17128
685
5
17153
686
5
17178
687
5
17203
688
5
17228
689
5
17253
690
5
17278
691
5
17303
692
5
17328
693
5
17353
694
5
17378
695
5
17403
696
5
17428
697
5
17453
698
5
17478
699
5
17503
700
5
17528
701
5
17553
702
5
17578
703
5
17603
704
5
17628
705
5
17653
706
5
17678
707
5
17703
708
5
17728
709
5
17753
710
5
17778
711
5
17803
712
5
17828
713
5
17853
714
5
17878
715
5
17903
716
5
17928
717
5
17953
718
5
17978
719
5
18003
720
5
18028
721
5
18053
722
5
18078
723
5
18103
724
5
18128
725
5
18153
726
5
18178
727
5
18203
728
5
18228
729
5
18253
730
5
18278
731
5
18303
732
5
18328
733
5
18353
734
5
18378
735
5
18403
736
5
18428
737
5
18453
738
5
18478
739
5
18503
740
5
18528
741
5
18553
742
5
18578
743
5
18603
744
5
18628
745
5
18653
746
5
18678
747
5
18703
748
5
18728
749
5
18753
750
5
18778
751
5
18803
752
5
18828
753
5
18853
754
5
18878
755
5
18903
756
5
18928
757
5
18953
758
5
18978
759
5
19003
760
5
19028
761
5
19053
762
5
19078
763
5
19103
764
5
19128
765
5
19153
766
5
19178
767
5
19203
768
5
19228
769
5
19253
770
5
19278
771
5
19303
772
5
19328
773
5
19353
774
5
19378
775
5
19403
776
5
19428
777
5
19453
778
5
19478
779
5
19503
780
5
19528
781
5
19553
782
5
19578
783
5
19603
784
5
19628
785
5
19653
786
5
19678
787
5
19703
788
5
19728
789
5
19753
790
5
19778
791
5
19803
792
5
19828
793
5
19853
794
5
19878
795
5
19903
796
5
19928
797
5
19953
798
5
19978
799
5
20003
800
5
20028
801
5
20053
802
5
20078
803
5
20103
804
5
20128
805
5
20153
806
5
20178
807
5
20203
808
5
20228
809
5
20253
810
5
20278
811
5
20303
812
5
20328
813
5
20353
814
5
20378
815
5
20403
816
5
20428
817
5
20453
818
5
20478
819
5
20503
820
5
20528
821
5
20553
822
5
20578
823
5
20603
824
5
20628
825
5
20653
826
5
20678
827
5
20703
828
5
20728
829
5
20753
830
5
20778
831
5
20803
832
5
20828
833
5
20853
834
5
20878
835
5
20903
836
5
20928
837
5
20953
838
5
20978
839
5
21003
840
5
21028
841
5
21053
842
5
21078
843
5
21103
844
5
21128
845
5
21153
846
5
21178
847
5
21203
848
5
21228
849
5
21253
850
5
21278
851
5
21303
852
5
21328
853
5
21353
854
5
21378
855
5
21403
856
5
21428
857
5
21453
858
5
21478
859
5
21503
860
5
21528
861
5
21553
862
5
21578
863
5
21603
864
5
21628
865
5
21653
866
5
21678
867
5
21703
868
5
21728
869
5
21753
870
5
21778
871
5
21803
872
5
21828
873
5
21853
874
5
21878
875
5
21903
876
5
21928
877
5
21953
878
5
21978
879
5
22003
880
5
22028
881
5
22053
882
5
22078
883
5
22103
884
5
22128
885
5
22153
886
5
22178
887
5
22203
888
5
22228
889
5
22253
890
5
22278
891
5
22303
892
5
22328
893
5
22353
894
5
22378
895
5
22403
896
5
22428
897
5
22453
898
5
22478
899
5
22503
900
5
22528
901
5
22553
902
5
22578
903
5
22603
904
5
22628
905
5
22653
906
5
22678
907
5
22703
908
5
22728
909
5
22753
910
5
22778
911
5
22803
912
5
22828
913
5
22853
914
5
22878
915
5
22903
916
5
22928
917
5
22953
918
5
22978
919
5
23003
920
5
23028
921
5
23053
922
5
23078
923
5
23103
924
5
23128
925
5
23153
926
5
23178
927
5
23203
928
5
23228
929
5
23253
930
5
23278
931
5
23303
932
5
23328
933
5
23353
934
5
23378
935
5
23403
936
5
23428
937
5
23453
938
5
23478
939
5
23503
940
5
23528
941
5
23553
942
5
23578
943
5
23603
944
5
23628
945
5
23653
946
5
23678
947
5
23703
948
5
23728
949
5
23753
950
5
23778
951
5
23803
952
5
23828
953
5
23853
954
5
23878
955
5
23903
956
5
23928
957
5
23953
958
5
23978
959
5
24003
960
5
24028
961
5
24053
962
5
24078
963
5
24103
964
5
24128
965
5
24153
966
5
24178
967
5
24203
968
5
24228
969
5
24253
970
5
24278
971
5
24303
972
5
24328
973
5
24353
974
5
24378
975
5
24403
976
5
24428
977
5
24453
978
5
24478
979
5
24503
980
5
24528
981
5
24553
982
5
24578
983
5
24603
984
5
24628
985
5
24653
986
5
24678
987
5
24703
988
5
24728
989
5
24753
990
5
24778
991
5
24803
992
5
24828
993
5
24853
994
5
24878
995
5
24903
996
5
24928
997
5
24953
998
5
24978
999
5
25003
1000
5
25028
1001
5
25053
1002
5
25078
1003
5
25103
1004
5
25128
1005
5
25153
1006
5
25178
1007
5
25203
1008
5
25228
1009
5
25253
1010
5
25278
1011
5
25303
1012
5
25328
1013
5
25353
1014
5
25378
1015
5
25403
1016
5
25428
1017
5
25453
1018
5
25478
1019
5
25503
1020
5
25528
1021
5
25553
1022
5
25578
1023
5
25603
1024
5
25628
1025
5
25653
1026
5
25678
1027
5
25703
1028
5
25728
1029
5
25753
1030
5
25778
1031
5
25803
1032
5
25828
1033
5
25853
1034
5
25878
1035
5
25903
1036
5
25928
1037
5
25953
1038
5
25978
1039
5
26003
1040
5
26028
1041
5
26053
1042
5
26078
1043
5
26103
1044
5
26128
1045
5
26153
1046
5
26178
1047
5
26203
1048
5
26228
1049
5
26253
1050
5
26278
1051
5
26303
1052
5
26328
1053
5
26353
1054
5
26378
1055
5
26403
1056
5
26428
1057
5
26453
1058
5
26478
1059
5
26503
1060
5
26528
1061
5
26553
1062
5
26578
1063
5
26603
1064
5
26628
1065
5
26653
1066
5
26678
1067
5
26703
1068
5
26728
1069
5
26753
1070
5
26778
1071
5
26803
1072
5
26828
1073
5
26853
1074
5
26878
1075
5
26903
1076
5
26928
1077
5
26953
1078
5
26978
1079
5
27003
1080
5
27028
1081
5
27053
1082
5
27078
1083
5
27103
1084
5
27128
1085
5
27153
1086
5
27178
1087
5
27203
1088
5
27228
1089
5
27253
1090
5
27278
1091
5
27303
1092
5
27328
1093
5
27353
1094
5
27378
1095
5
27403
1096
5
27428
1097
5
27453
1098
5
27478
1099
5
27503
1100
5
27528
1101
5
27553
1102
5
27578
1103
5
27603
1104
5
27628
1105
5
27653
1106
5
27678
1107
5
27703
1108
5
27728
1109
5
27753
1110
5
27778
1111
5
27803
1112
5
27828
1113
5
27853
1114
5
27878
1115
5
27903
1116
5
27928
1117
5
27953
1118
5
27978
1119
5
28003
1120
5
28028
1121
5
28053
1122
5
28078
1123
5
28103
1124
5
28128
1125
5
28153
1126
5
28178
1127
5
28203
1128
5
28228
1129
5
28253
1130
5
28278
1131
5
28303
1132
5
28328
1133
5
28353
1134
5
28378
1135
5
28403
1136
5
28428
1137
5
28453
1138
5
28478
1139
5
28503
1140
5
28528
1141
5
28553
1142
5
28578
1143
5
28603
1144
5
28628
1145
5
28653
1146
5
28678
1147
5
28703
1148
5
28728
1149
5
28753
1150
5
28778
1151
5
28803
1152
5
28828
1153
5
28853
1154
5
28878
1155
5
28903
1156
5
28928
1157
5
28953
1158
5
28978
1159
5
29003
1160
5
29028
1161
5
29053
1162
5
29078
1163
5
29103
1164
5
29128
1165
5
29153
1166
5
29178
1167
5
29203
1168
5
29228
1169
5
29253
1170
5
29278
1171
5
29303
1172
5
29328
1173
5
29353
1174
5
29378
1175
5
29403
1176
5
29428
1177
5
29453
1178
5
29478
1179
5
29503
1180
5
29528
1181
5
29553
1182
5
29578
1183
5
29603
1184
5
29628
1185
5
29653
1186
5
29678
1187
5
29703
1188
5
29728
1189
5
29753
1190
5
29778
1191
5
29803
1192
5
29828
1193
5
29853
1194
5
29878
1195
5
29903
1196
5
29928
1197
5
29953
1198
5
29978
1199
5
30003
1200
5
30028
1201
5
30053
1202
5
30078
1203
5
30103
1204
5
30128
1205
5
30153
1206
5
30178
1207
5
30203
1208
5
30228
1209
5
30253
1210
5
30278
1211
5
30303
1212
5
30328
1213
5
30353
1214
5
30378
1215
5
30403
1216
5
30428
1217
5
30453
1218
5
30478
1219
5
30503
1220
5
30528
1221
5
30553
1222
5
30578
1223
5
30603
1224
5
30628
1225
5
30653
1226
5
30678
1227
5
30703
1228
5
30728
1229
5
30753
1230
5
30778
1231
5
30803
1232
5
30828
1233
5
30853
1234
5
30878
1235
5
30903
1236
5
30928
1237
5
30953
1238
5
30978
1239
5
31003
1240
5
31028
1241
5
31053
1242
5
31078
1243
5
31103
1244
5
31128
1245
5
31153
1246
5
31178
1247
5
31203
1248
5
31228
1249
5
31253
1250
5
31278
1251
5
31303
1252
5
31328
1253
5
31353
1254
5
31378
1255
5
31403
1256
5
31428
1257
5
31453
1258
5
31478
1259
5
31503
1260
5
31528
1261
5
31553
1262
5
31578
1263
5
31603
1264
5
31628
1265
5
31653
1266
5
31678
1267
5
31703
1268
5
31728
1269
5
31753
1270
5
31778
1271
5
31803
1272
5
31828
1273
5
31853
1274
5
31878
1275
5
31903
1276
5
31928
1277
5
31953
1278
5
31978
1279
5
32003
1280
5
32028
1281
5
32053
1282
5
32078
1283
5
32103
1284
5
32128
1285
5
32153
1286
5
32178
1287
5
32203
1288
5
32228
1289
5
32253
1290
5
32278
1291
5
32303
1292
5
32328
1293
5
32353
1294
5
32378
1295
5
32403
1296
5
32428
1297
5
32453
1298
5
32478
1299
5
32503
1300
5
32528
1301
5
32553
1302
5
32578
1303
5
32603
1304
5
32628
1305
5
32653
1306
5
32678
1307
5
32703
1308
5
32728
1309
5
32753
1310
5
32778
1311
5
32803
1312
5
32828
1313
5
32853
1314
5
32878
1315
5
32903
1316
5
32928
1317
5
32953
1318
5
32978
1319
5
33003
1320
5
33028
1321
5
33053
1322
5
33078
1323
5
33103
1324
5
33128
1325
5
33153
1326
5
33178
1327
5
33203
1328
5
33228
1329
5
33253
1330
5
33278
1331
5
33303
1332
5
33328
1333
5
33353
1334
5
33378
1335
5
33403
1336
5
33428
1337
5
33453
1338
5
33478
1339
5
33503
1340
5
33528
1341
5
33553
1342
5
33578
1343
5
33603
1344
5
33628
1345
5
33653
1346
5
33678
1347
5
33703
1348
5
33728
1349
5
33753
1350
5
33778
1351
5
33803
1352
5
33828
1353
5
33853
1354
5
33878
1355
5
33903
1356
5
33928
1357
5
33953
1358
5
33978
1359
5
34003
1360
5
34028
1361
5
34053
1362
5
34078
1363
5
34103
1364
5
34128
1365
5
34153
1366
5
34178
1367
5
34203
1368
5
34228
1369
5
34253
1370
5
34278
1371
5
34303
1372
5
34328
1373
5
34353
1374
5
34378
1375
5
34403
1376
5
34428
1377
5
34453
1378
5
34478
1379
5
34503
1380
5
34528
1381
5
34553
1382
5
34578
1383
5
34603
1384
5
34628
1385
5
34653
1386
5
34678
1387
5
34703
1388
5
34728
1389
5
34753
1390
5
34778
1391
5
34803
1392
5
34828
1393
5
34853
1394
5
34878
1395
5
34903
1396
5
34928
1397
5
34953
1398
5
34978
1399
5
35003
1400
5
35028
1401
5
35053
1402
5
35078
1403
5
35103
1404
5
35128
1405
5
35153
1406
5
35178
1407
5
35203
1408
5
35228
1409
5
35253
1410
5
35278
1411
5
35303
1412
5
35328
1413
5
35353
1414
5
35378
1415
5
35403
1416
5
35428
1417
5
35453
1418
5
35478
1419
5
35503
1420
5
35528
1421
5
35553
1422
5
35578
1423
5
35603
1424
5
35628
1425
5
35653
1426
5
35678
1427
5
35703
1428
5
35728
1429
5
35753
1430
5
35778
1431
5
35803
1432
5
35828
1433
5
35853
1434
5
35878
1435
5
35903
1436
5
35928
1437
5
35953
1438
5
35978
1439
5
36003
1440
5
36028
1441
5
36053
1442
5
36078
1443
5
36103
1444
5
36128
1445
5
36153
1446
5
36178
1447
5
36203
1448
5
36228
1449
5
36253
1450
5
36278
1451
5
36303
1452
5
36328
1453
5
36353
1454
5
36378
1455
5
36403
1456
5
36428
1457
5
36453
1458
5
36478
1459
5
36503
1460
5
36528
1461
5
36553
1462
5
36578
1463
5
36603
1464
5
36628
1465
5
36653
1466
5
36678
1467
5
36703
1468
5
36728
1469
5
36753
1470
5
36778
1471
5
36803
1472
5
36828
1473
5
36853
1474
5
36878
1475
5
36903
1476
5
36928
1477
5
36953
1478
5
36978
1479
5
37003
1480
5
37028
1481
5
37053
1482
5
37078
1483
5
37103
1484
5
37128
1485
5
37153
1486
5
37178
1487
5
37203
1488
5
37228
1489
5
37253
1490
5
37278
1491
5
37303
1492
5
37328
1493
5
37353
1494
5
37378
1495
5
37403
1496
5
37428
1497
5
37453
1498
5
37478
1499
5
37503
1500
5
37528
1501
5
37553
1502
5
37578
1503
5
37603
1504
5
37628
1505
5
37653
1506
5
37678
1507
5
37703
1508
5
37728
1509
5
37753
1510
5
37778
1511
5
37803
1512
5
37828
1513
5
37853
1514
5
37878
1515
5
37903
1516
5
37928
1517
5
37953
1518
5
37978
1519
5
38003
1520
5
38028
1521
5
38053
1522
5
38078
1523
5
38103
1524
5
38128
1525
5
38153
1526
5
38178
1527
5
38203
1528
5
38228
1529
5
38253
1530
5
38278
1531
5
38303
1532
5
38328
1533
5
38353
1534
5
38378
1535
5
38403
1536
5
38428
1537
5
38453
1538
5
38478
1539
5
38503
1540
5
38528
1541
5
38553
1542
5
38578
1543
5
38603
1544
5
38628
1545
5
38653
1546
5
38678
1547
5
38703
1548
5
38728
1549
5
38753
1550
5
38778
1551
5
38803
1552
5
38828
1553
5
38853
1554
5
38878
1555
5
38903
1556
5
38928
1557
5
38953
1558
5
38978
1559
5
39003
1560
5
39028
1561
5
39053
1562
5
39078
1563
5
39103
1564
5
39128
1565
5
39153
1566
5
39178
1567
5
39203
1568
5
39228
1569
5
39253
1570
5
39278
1571
5
39303
1572
5
39328
1573
5
39353
1574
5
39378
1575
5
39403
1576
5
39428
1577
5
39453
1578
5
39478
1579
5
39503
1580
5
39528
1581
5
39553
1582
5
39578
1583
5
39603
1584
5
39628
1585
5
39653
1586
5
39678
1587
5
39703
1588
5
39728
1589
5
39753
1590
5
39778
1591
5
39803
1592
5
39828
1593
5
39853
1594
5
39878
1595
5
39903
1596
5
39928
1597
5
39953
1598
5
39978
1599
5
40003
1600
5
40028
1601
5
40053
1602
5
40078
1603
5
40103
1604
5
40128
1605
5
40153
1606
5
40178
1607
5
40203
1608
5
40228
1609
5
40253
1610
5
40278
1611
5
40303
1612
5
40328
1613
5
40353
1614
5
40378
1615
5
40403
1616
5
40428
1617
5
40453
1618
5
40478
1619
5
40503
1620
5
40528
1621
5
40553
1622
5
40578
1623
5
40603
1624
5
40628
1625
5
40653
1626
5
40678
1627
5
40703
1628
5
40728
1629
5
40753
1630
5
40778
1631
5
40803
1632
5
40828
1633
5
40853
1634
5
40878
1635
5
40903
1636
5
40928
1637
5
40953
1638
5
40978
1639
5
41003
1640
5
41028
1641
5
41053
1642
5
41078
1643
5
41103
1644
5
41128
1645
5
41153
1646
5
41178
1647
5
41203
1648
5
41228
1649
5
41253
1650
5
41278
1651
5
41303
1652
5
41328
1653
5
41353
1654
5
41378
1655
5
41403
1656
5
41428
1657
5
41453
1658
5
41478
1659
5
41503
1660
5
41528
1661
5
41553
1662
5
41578
1663
5
41603
1664
5
41628
1665
5
41653
1666
5
41678
1667
5
41703
1668
5
41728
1669
5
41753
1670
5
41778
1671
5
41803
1672
5
41828
1673
5
41853
1674
5
41878
1675
5
41903
1676
5
41928
1677
5
41953
1678
5
41978
1679
5
42003
1680
5
42028
1681
5
42053
1682
5
42078
1683
5
42103
1684
5
42128
1685
5
42153
1686
5
42178
1687
5
42203
1688
5
42228
1689
5
42253
1690
5
42278
1691
5
42303
1692
5
42328
1693
5
42353
1694
5
42378
1695
5
42403
1696
5
42428
1697
5
42453
1698
5
42478
1699
5
42503
1700
5
42528
1701
5
42553
1702
5
42578
1703
5
42603
1704
5
42628
1705
5
42653
1706
5
42678
1707
5
42703
1708
5
42728
1709
5
42753
1710
5
42778
1711
5
42803
1712
5
42828
1713
5
42853
1714
5
42878
1715
5
42903
1716
5
42928
1717
5
42953
1718
5
42978
1719
5
43003
1720
5
43028
1721
5
43053
1722
5
43078
1723
5
43103
1724
5
43128
1725
5
43153
1726
5
43178
1727
5
43203
1728
5
43228
1729
5
43253
1730
5
43278
1731
5
43303
1732
5
43328
1733
5
43353
1734
5
43378
1735
5
43403
1736
5
43428
1737
5
43453
1738
5
43478
1739
5
43503
1740
5
43528
1741
5
43553
1742
5
43578
1743
5
43603
1744
5
43628
1745
5
43653
1746
5
43678
1747
5
43703
1748
5
43728
1749
5
43753
1750
5
43778
1751
5
43803
1752
5
43828
1753
5
43853
1754
5
43878
1755
5
43903
1756
5
43928
1757
5
43953
1758
5
43978
1759
5
44003
1760
5
44028
1761
5
44053
1762
5
44078
1763
5
44103
1764
5
44128
1765
5
44153
1766
5
44178
1767
5
44203
1768
5
44228
1769
5
44253
1770
5
44278
1771
5
44303
1772
5
44328
1773
5
44353
1774
5
44378
1775
5
44403
1776
5
44428
1777
5
44453
1778
5
44478
1779
5
44503
1780
5
44528
1781
5
44553
1782
5
44578
1783
5
44603
1784
5
44628
1785
5
44653
1786
5
44678
1787
5
44703
1788
5
44728
1789
5
44753
1790
5
44778
1791
5
44803
1792
5
44828
1793
5
44853
1794
5
44878
1795
5
44903
1796
5
44928
1797
5
44953
1798
5
44978
1799
5
45003
1800
5
45028
1801
5
45053
1802
5
45078
1803
5
45103
1804
5
45128
1805
5
45153
1806
5
45178
1807
5
45203
1808
5
45228
1809
5
45253
1810
5
45278
1811
5
45303
1812
5
45328
1813
5
45353
1814
5
45378
1815
5
45403
1816
5
45428
1817
5
45453
1818
5
45478
1819
5
45503
1820
5
45528
1821
5
45553
1822
5
45578
1823
5
45603
1824
5
45628
1825
5
45653
1826
5
45678
1827
5
45703
1828
5
45728
1829
5
45753
1830
5
45778
1831
5
45803
1832
5
45828
1833
5
45853
1834
5
45878
1835
5
45903
1836
5
45928
1837
5
45953
1838
5
45978
1839
5
46003
1840
5
46028
1841
5
46053
1842
5
46078
1843
5
46103
1844
5
46128
1845
5
46153
1846
5
46178
1847
5
46203
1848
5
46228
1849
5
46253
1850
5
46278
1851
5
46303
1852
5
46328
1853
5
46353
1854
5
46378
1855
5
46403
1856
5
46428
1857
5
46453
1858
5
46478
1859
5
46503
1860
5
46528
1861
5
46553
1862
5
46578
1863
5
46603
1864
5
46628
1865
5
46653
1866
5
46678
1867
5
46703
1868
5
46728
1869
5
46753
1870
5
46778
1871
5
46803
1872
5
46828
1873
5
46853
1874
5
46878
1875
5
46903
1876
5
46928
1877
5
46953
1878
5
46978
1879
5
47003
1880
5
47028
1881
5
47053
1882
5
47078
1883
5
47103
1884
5
47128
1885
5
47153
1886
5
47178
1887
5
47203
1888
5
47228
1889
5
47253
1890
5
47278
1891
5
47303
1892
5
47328
1893
5
47353
1894
5
47378
1895
5
47403
1896
5
47428
1897
5
47453
1898
5
47478
1899
5
47503
1900
5
47528
1901
5
47553
1902
5
47578
1903
5
47603
1904
5
47628
1905
5
47653
1906
5
47678
1907
5
47703
1908
5
47728
1909
5
47753
1910
5
47778
1911
5
47803
1912
5
47828
1913
5
47853
1914
5
47878
1915
5
47903
1916
5
47928
1917
5
47953
1918
5
47978
1919
5
48003
1920
5
48028
1921
5
48053
1922
5
48078
1923
5
48103
1924
5
48128
1925
5
48153
1926
5
48178
1927
5
48203
1928
5
48228
1929
5
48253
1930
5
48278
1931
5
48303
1932
5
48328
1933
5
48353
1934
5
48378
1935
5
48403
1936
5
48428
1937
5
48453
1938
5
48478
1939
5
48503
1940
5
48528
1941
5
48553
1942
5
48578
1943
5
48603
1944
5
48628
1945
5
48653
1946
5
48678
1947
5
48703
1948
5
48728
1949
5
48753
1950
5
48778
1951
5
48803
1952
5
48828
1953
5
48853
1954
5
48878
1955
5
48903
1956
5
48928
1957
5
48953
1958
5
48978
1959
5
49003
1960
5
49028
1961
5
49053
1962
5
49078
1963
5
49103
1964
5
49128
1965
5
49153
1966
5
49178
1967
5
49203
1968
5
49228
1969
5
49253
1970
5
49278
1971
5
49303
1972
5
49328
1973
5
49353
1974
5
49378
1975
5
49403
1976
5
49428
1977
5
49453
1978
5
49478
1979
5
49503
1980
5
49528
1981
5
49553
1982
5
49578
1983
5
49603
1984
5
49628
1985
5
49653
1986
5
49678
1987
5
49703
1988
5
49728
1989
5
49753
1990
5
49778
1991
5
49803
1992
5
49828
1993
5
49853
1994
5
49878
1995
5
49903
1996
5
49928
1997
5
49953
1998
5
49978
1999
5
50003
2000
5
50028
2001
5
50053
2002
5
50078
2003
5
50103
2004
5
50128
2005
5
50153
2006
5
50178
2007
5
50203
2008
5
50228
2009
5
50253
2010
5
50278
2011
5
50303
2012
5
50328
2013
5
50353
2014
5
50378
2015
5
50403
2016
5
50428
2017
5
50453
2018
5
50478
2019
5
50503
2020
5
50528
2021
5
50553
2022
5
50578
2023
5
50603
2024
5
50628
2025
5
50653
2026
5
50678
2027
5
50703
2028
5
50728
2029
5
50753
2030
5
50778
2031
5
50803
2032
5
50828
2033
5
50853
2034
5
50878
2035
5
50903
2036
5
50928
2037
5
50953
2038
5
50978
2039
5
51003
2040
5
51028
2041
5
51053
2042
5
51078
2043
5
51103
2044
5
51128
2045
5
51153
2046
5
51178
2047
5
51203
2048
5
51228
2049
5
51253
2050
5
51278
2051
5
51303
2052
5
51328
2053
5
51353
2054
5
51378
2055
5
51403
2056
5
51428
2057
5
51453
2058
5
51478
2059
5
51503
2060
5
51528
2061
5
51553
2062
5
51578
2063
5
51603
2064
5
51628
2065
5
51653
2066
5
51678
2067
5
51703
2068
5
51728
2069
5
51753
2070
5
51778
2071
5
51803
2072
5
51828
2073
5
51853
2074
5
51878
2075
5
51903
2076
5
51928
2077
5
51953
2078
5
51978
2079
5
52003
2080
5
52028
2081
5
52053
2082
5
52078
2083
5
52103
2084
5
52128
2085
5
52153
2086
5
52178
2087
5
52203
2088
5
52228
2089
5
52253
2090
5
52278
2091
5
52303
2092
5
52328
2093
5
52353
2094
5
52378
2095
5
52403
2096
5
52428
2097
5
52453
2098
5
52478
2099
5
52503
2100
5
52528
2101
5
52553
2102
5
52578
2103
5
52603
2104
5
52628
2105
5
52653
2106
5
52678
2107
5
52703
2108
5
52728
2109
5
52753
2110
5
52778
2111
5
52803
2112
5
52828
2113
5
52853
2114
5
52878
2115
5
52903
2116
5
52928
2117
5
52953
2118
5
52978
2119
5
53003
2120
5
53028
2121
5
53053
2122
5
53078
2123
5
53103
2124
5
53128
2125
5
53153
2126
5
53178
2127
5
53203
2128
5
53228
2129
5
53253
2130
5
53278
2131
5
53303
2132
5
53328
2133
5
53353
2134
5
53378
2135
5
53403
2136
5
53428
2137
5
53453
2138
5
53478
2139
5
53503
2140
5
53528
2141
5
53553
2142
5
53578
2143
5
53603
2144
5
53628
2145
5
53653
2146
5
53678
2147
5
53703
2148
5
53728
2149
5
53753
2150
5
53778
2151
5
53803
2152
5
53828
2153
5
53853
2154
5
53878
2155
5
53903
2156
5
53928
2157
5
53953
2158
5
53978
2159
5
54003
2160
5
54028
2161
5
54053
2162
5
54078
2163
5
54103
2164
5
54128
2165
5
54153
2166
5
54178
2167
5
54203
2168
5
54228
2169
5
54253
2170
5
54278
2171
5
54303
2172
5
54328
2173
5
54353
2174
5
54378
2175
5
54403
2176
5
54428
2177
5
54453
2178
5
54478
2179
5
54503
2180
5
54528
2181
5
54553
2182
5
54578
2183
5
54603
2184
5
54628
2185
5
54653
2186
5
54678
2187
5
54703
2188
5
54728
2189
5
54753
2190
5
54778
2191
5
54803
2192
5
54828
2193
5
54853
2194
5
54878
2195
5
54903
2196
5
54928
2197
5
54953
2198
5
54978
2199
5
55003
2200
5
55028
2201
5
55053
2202
5
55078
2203
5
55103
2204
5
55128
2205
5
55153
2206
5
55178
2207
5
55203
2208
5
55228
2209
5
55253
2210
5
55278
2211
5
55303
2212
5
55328
2213
5
55353
2214
5
55378
2215
5
55403
2216
5
55428
2217
5
55453
2218
5
55478
2219
5
55503
2220
5
55528
2221
5
55553
2222
5
55578
2223
5
55603
2224
5
55628
2225
5
55653
2226
5
55678
2227
5
55703
2228
5
55728
2229
5
55753
2230
5
55778
2231
5
55803
2232
5
55828
2233
5
55853
2234
5
55878
2235
5
55903
2236
5
55928
2237
5
55953
2238
5
55978
2239
5
56003
2240
5
56028
2241
5
56053
2242
5
56078
2243
5
56103
2244
5
56128
2245
5
56153
2246
5
56178
2247
5
56203
2248
5
56228
2249
5
56253
2250
5
56278
2251
5
56303
2252
5
56328
2253
5
56353
2254
5
56378
2255
5
56403
2256
5
56428
2257
5
56453
2258
5
56478
2259
5
56503
2260
5
56528
2261
5
56553
2262
5
56578
2263
5
56603
2264
5
56628
2265
5
56653
2266
5
56678
2267
5
56703
2268
5
56728
2269
5
56753
2270
5
56778
2271
5
56803
2272
5
56828
2273
5
56853
2274
5
56878
2275
5
56903
2276
5
56928
2277
5
56953
2278
5
56978
2279
5
57003
2280
5
57028
2281
5
57053
2282
5
57078
2283
5
57103
2284
5
57128
2285
5
57153
2286
5
57178
2287
5
57203
2288
5
57228
2289
5
57253
2290
5
57278
2291
5
57303
2292
5
57328
2293
5
57353
2294
5
57378
2295
5
57403
2296
5
57428
2297
5
57453
2298
5
57478
2299
5
57503
2300
5
57528
2301
5
57553
2302
5
57578
2303
5
57603
2304
5
57628
2305
5
57653
2306
5
57678
2307
5
57703
2308
5
57728
2309
5
57753
2310
5
57778
2311
5
57803
2312
5
57828
2313
5
57853
2314
5
57878
2315
5
57903
2316
5
57928
2317
5
57953
2318
5
57978
2319
5
58003
2320
5
58028
2321
5
58053
2322
5
58078
2323
5
58103
2324
5
58128
2325
5
58153
2326
5
58178
2327
5
58203
2328
5
58228
2329
5
58253
2330
5
58278
2331
5
58303
2332
5
58328
2333
5
58353
2334
5
58378
2335
5
58403
2336
5
58428
2337
5
58453
2338
5
58478
2339
5
58503
2340
5
58528
2341
5
58553
2342
5
58578
2343
5
58603
2344
5
58628
2345
5
58653
2346
5
58678
2347
5
58703
2348
5
58728
2349
5
58753
2350
5
58778
2351
5
58803
2352
5
58828
2353
5
58853
2354
5
58878
2355
5
58903
2356
5
58928
2357
5
58953
2358
5
58978
2359
5
59003
2360
5
59028
2361
5
59053
2362
5
59078
2363
5
59103
2364
5
59128
2365
5
59153
2366
5
59178
2367
5
59203
2368
5
59228
2369
5
59253
2370
5
59278
2371
5
59303
2372
5
59328
2373
5
59353
2374
5
59378
2375
5
59403
2376
5
59428
2377
5
59453
2378
5
59478
2379
5
59503
2380
5
59528
2381
5
59553
2382
5
59578
2383
5
59603
2384
5
59628
2385
5
59653
2386
5
59678
2387
5
59703
2388
5
59728
2389
5
59753
2390
5
59778
2391
5
59803
2392
5
59828
2393
5
59853
2394
5
59878
2395
5
59903
2396
5
59928
2397
5
59953
2398
5
59978
2399
5
60003
2400
5
60028
2401
5
60053
2402
5
60078
2403
5
60103
2404
5
60128
2405
5
60153
2406
5
60178
2407
5
60203
2408
5
60228
2409
5
60253
2410
5
60278
2411
5
60303
2412
5
60328
2413
5
60353
2414
5
60378
2415
5
60403
2416
5
60428
2417
5
60453
2418
5
60478
2419
5
60503
2420
5
60528
2421
5
60553
2422
5
60578
2423
5
60603
2424
5
60628
2425
5
60653
2426
5
60678
2427
5
60703
2428
5
60728
2429
5
60753
2430
5
60778
2431
5
60803
2432
5
60828
2433
5
60853
2434
5
60878
2435
5
60903
2436
5
60928
2437
5
60953
2438
5
60978
2439
5
61003
2440
5
61028
2441
5
61053
2442
5
61078
2443
5
61103
2444
5
61128
2445
5
61153
2446
5
61178
2447
5
61203
2448
5
61228
2449
5
61253
2450
5
61278
2451
5
61303
2452
5
61328
2453
5
61353
2454
5
61378
2455
5
61403
2456
5
61428
2457
5
61453
2458
5
61478
2459
5
61503
2460
5
61528
2461
5
61553
2462
5
61578
2463
5
61603
2464
5
61628
2465
5
61653
2466
5
61678
2467
5
61703
2468
5
61728
2469
5
61753
2470
5
61778
2471
5
61803
2472
5
61828
2473
5
61853
2474
5
61878
2475
5
61903
2476
5
61928
2477
5
61953
2478
5
61978
2479
5
62003
2480
5
62028
2481
5
62053
2482
5
62078
2483
5
62103
2484
5
62128
2485
5
62153
2486
5
62178
2487
5
62203
2488
5
62228
2489
5
62253
2490
5
62278
2491
5
62303
2492
5
62328
2493
5
62353
2494
5
62378
2495
5
62403
2496
5
62428
2497
5
62453
2498
5
62478
2499
5
62503
2500
5
62528
2501
5
62553
2502
5
62578
2503
5
62603
2504
5
62628
2505
5
62653
2506
5
62678
2507
5
62703
2508
5
62728
2509
5
62753
2510
5
62778
2511
5
62803
2512
5
62828
2513
5
62853
2514
5
62878
2515
5
62903
2516
5
62928
2517
5
62953
2518
5
62978
2519
5
63003
2520
5
63028
2521
5
63053
2522
5
63078
2523
5
63103
2524
5
63128
2525
5
63153
2526
5
63178
2527
5
63203
2528
5
63228
2529
5
63253
2530
5
63278
2531
5
63303
2532
5
63328
2533
5
63353
2534
5
63378
2535
5
63403
2536
5
63428
2537
5
63453
2538
5
63478
2539
5
63503
2540
5
63528
2541
5
63553
2542
5
63578
2543
5
63603
2544
5
63628
2545
5
63653
2546
5
63678
2547
5
63703
2548
5
63728
2549
5
63753
2550
5
63778
2551
5
63803
2552
5
63828
2553
5
63853
2554
5
63878
2555
5
63903
2556
5
63928
2557
5
63953
2558
5
63978
2559
5
64003
2560
5
64028
2561
5
64053
2562
5
64078
2563
5
64103
2564
5
64128
2565
5
64153
2566
5
64178
2567
5
64203
2568
5
64228
2569
5
64253
2570
5
64278
2571
5
64303
2572
5
64328
2573
5
64353
2574
5
64378
2575
5
64403
2576
5
64428
2577
5
64453
2578
5
64478
2579
5
64503
2580
5
64528
2581
5
64553
2582
5
64578
2583
5
64603
2584
5
64628
2585
5
64653
2586
5
64678
2587
5
64703
2588
5
64728
2589
5
64753
2590
5
64778
2591
5
64803
2592
5
64828
2593
5
64853
2594
5
64878
2595
5
64903
2596
5
64928
2597
5
64953
2598
5
64978
2599
5
65003
2600
5
65028
2601
5
65053
2602
5
65078
2603
5
65103
2604
5
65128
2605
5
65153
2606
5
65178
2607
5
65203
2608
5
65228
2609
5
65253
2610
5
65278
2611
5
65303
2612
5
65328
2613
5
65353
2614
5
65378
2615
5
65403
2616
5
65428
2617
5
65453
2618
5
65478
2619
5
65503
2620
5
65528
2621
5
65553
2622
5
65578
2623
5
65603
2624
5
65628
2625
5
65653
2626
5
65678
2627
5
65703
2628
5
65728
2629
5
65753
2630
5
65778
2631
5
65803
2632
5
65828
2633
5
65853
2634
5
65878
2635
5
65903
2636
5
65928
2637
5
65953
2638
5
65978
2639
5
66003
2640
5
66028
2641
5
66053
2642
5
66078
2643
5
66103
2644
5
66128
2645
5
66153
2646
5
66178
2647
5
66203
2648
5
66228
2649
5
66253
2650
5
66278
2651
5
66303
2652
5
66328
2653
5
66353
2654
5
66378
2655
5
66403
2656
5
66428
2657
5
66453
2658
5
66478
2659
5
66503
2660
5
66528
2661
5
66553
2662
5
66578
2663
5
66603
2664
5
66628
2665
5
66653
2666
5
66678
2667
5
66703
2668
5
66728
2669
5
66753
2670
5
66778
2671
5
66803
2672
5
66828
2673
5
66853
2674
5
66878
2675
5
66903
2676
5
66928
2677
5
66953
2678
5
66978
2679
5
67003
2680
5
67028
2681
5
67053
2682
5
67078
2683
5
67103
2684
5
67128
2685
5
67153
2686
5
67178
2687
5
67203
2688
5
67228
2689
5
67253
2690
5
67278
2691
5
67303
2692
5
67328
2693
5
67353
2694
5
67378
2695
5
67403
2696
5
67428
2697
5
67453
2698
5
67478
2699
5
67503
2700
5
67528
2701
5
67553
2702
5
67578
2703
5
67603
2704
5
67628
2705
5
67653
2706
5
67678
2707
5
67703
2708
5
67728
2709
5
67753
2710
5
67778
2711
5
67803
2712
5
67828
2713
5
67853
2714
5
67878
2715
5
67903
2716
5
67928
2717
5
67953
2718
5
67978
2719
5
68003
2720
5
68028
2721
5
68053
2722
5
68078
2723
5
68103
2724
5
68128
2725
5
68153
2726
5
68178
2727
5
68203
2728
5
68228
2729
5
68253
2730
5
68278
2731
5
68303
2732
5
68328
2733
5
68353
2734
5
68378
2735
5
68403
2736
5
68428
2737
5
68453
2738
5
68478
2739
5
68503
2740
5
68528
2741
5
68553
2742
5
68578
2743
5
68603
2744
5
68628
2745
5
68653
2746
5
68678
2747
5
68703
2748
5
68728
2749
5
68753
2750
5
68778
2751
5
68803
2752
5
68828
2753
5
68853
2754
5
68878
2755
5
68903
2756
5
68928
2757
5
68953
2758
5
68978
2759
5
69003
2760
5
69028
2761
5
69053
2762
5
69078
2763
5
69103
2764
5
69128
2765
5
69153
2766
5
69178
2767
5
69203
2768
5
69228
2769
5
69253
2770
5
69278
2771
5
69303
2772
5
69328
2773
5
69353
2774
5
69378
2775
5
69403
2776
5
69428
2777
5
69453
2778
5
69478
2779
5
69503
2780
5
69528
2781
5
69553
2782
5
69578
2783
5
69603
2784
5
69628
2785
5
69653
2786
5
69678
2787
5
69703
2788
5
69728
2789
5
69753
2790
5
69778
2791
5
69803
2792
5
69828
2793
5
69853
2794
5
69878
2795
5
69903
2796
5
69928
2797
5
69953
2798
5
69978
2799
5
70003
2800
5
70028
2801
5
70053
2802
5
70078
2803
5
70103
2804
5
70128
2805
5
70153
2806
5
70178
2807
5
70203
2808
5
70228
2809
5
70253
2810
5
70278
2811
5
70303
2812
5
70328
2813
5
70353
2814
5
70378
2815
5
70403
2816
5
70428
2817
5
70453
2818
5
70478
2819
5
70503
2820
5
70528
2821
5
70553
2822
5
70578
2823
5
70603
2824
5
70628
2825
5
70653
2826
5
70678
2827
5
70703
2828
5
70728
2829
5
70753
2830
5
70778
2831
5
70803
2832
5
70828
2833
5
70853
2834
5
70878
2835
5
70903
2836
5
70928
2837
5
70953
2838
5
70978
2839
5
71003
2840
5
71028
2841
5
71053
2842
5
71078
2843
5
71103
2844
5
71128
2845
5
71153
2846
5
71178
2847
5
71203
2848
5
71228
2849
5
71253
2850
5
71278
2851
5
71303
2852
5
71328
2853
5
71353
2854
5
71378
2855
5
71403
2856
5
71428
2857
5
71453
2858
5
71478
2859
5
71503
2860
5
71528
2861
5
71553
2862
5
71578
2863
5
71603
2864
5
71628
2865
5
71653
2866
5
71678
2867
5
71703
2868
5
71728
2869
5
71753
2870
5
71778
2871
5
71803
2872
5
71828
2873
5
71853
2874
5
71878
2875
5
71903
2876
5
71928
2877
5
71953
2878
5
71978
2879
5
72003
2880
5
72028
2881
5
72053
2882
5
72078
2883
5
72103
2884
5
72128
2885
5
72153
2886
5
72178
2887
5
72203
2888
5
72228
2889
5
72253
2890
5
72278
2891
5
72303
2892
5
72328
2893
5
72353
2894
5
72378
2895
5
72403
2896
5
72428
2897
5
72453
2898
5
72478
2899
5
72503
2900
5
72528
2901
5
72553
2902
5
72578
2903
5
72603
2904
5
72628
2905
5
72653
2906
5
72678
2907
5
72703
2908
5
72728
2909
5
72753
2910
5
72778
2911
5
72803
2912
5
72828
2913
5
72853
2914
5
72878
2915
5
72903
2916
5
72928
2917
5
72953
2918
5
72978
2919
5
73003
2920
5
73028
2921
5
73053
2922
5
73078
2923
5
73103
2924
5
73128
2925
5
73153
2926
5
73178
2927
5
73203
2928
5
73228
2929
5
73253
2930
5
73278
2931
5
73303
2932
5
73328
2933
5
73353
2934
5
73378
2935
5
73403
2936
5
73428
2937
5
73453
2938
5
73478
2939
5
73503
2940
5
73528
2941
5
73553
2942
5
73578
2943
5
73603
2944
5
73628
2945
5
73653
2946
5
73678
2947
5
73703
2948
5
73728
2949
5
73753
2950
5
73778
2951
5
73803
2952
5
73828
2953
5
73853
2954
5
73878
2955
5
73903
2956
5
73928
2957
5
73953
2958
5
73978
2959
5
74003
2960
5
74028
2961
5
74053
2962
5
74078
2963
5
74103
2964
5
74128
2965
5
74153
2966
5
74178
2967
5
74203
2968
5
74228
2969
5
74253
2970
5
74278
2971
5
74303
2972
5
74328
2973
5
74353
2974
5
74378
2975
5
74403
2976
5
74428
2977
5
74453
2978
5
74478
2979
5
74503
2980
5
74528
2981
5
74553
2982
5
74578
2983
5
74603
2984
5
74628
2985
5
74653
2986
5
74678
2987
5
74703
2988
5
74728
2989
5
74753
2990
5
74778
2991
5
74803
2992
5
74828
2993
5
74853
2994
5
74878
2995
5
74903
2996
5
74928
2997
5
74953
2998
5
74978
2999
5
75003
3000
5
75028
3001
5
75053
3002
5
75078
3003
5
75103
3004
5
75128
3005
5
75153
3006
5
75178
3007
5
75203
3008
5
75228
3009
5
75253
3010
5
75278
3011
5
75303
3012
5
75328
3013
5
75353
3014
5
75378
3015
5
75403
3016
5
75428
3017
5
75453
3018
5
75478
3019
5
75503
3020
5
75528
3021
5
75553
3022
5
75578
3023
5
75603
3024
5
75628
3025
5
75653
3026
5
75678
3027
5
75703
3028
5
75728
3029
5
75753
3030
5
75778
3031
5
75803
3032
5
75828
3033
5
75853
3034
5
75878
3035
5
75903
3036
5
75928
3037
5
75953
3038
5
75978
3039
5
76003
3040
5
76028
3041
5
76053
3042
5
76078
3043
5
76103
3044
5
76128
3045
5
76153
3046
5
76178
3047
5
76203
3048
5
76228
3049
5
76253
3050
5
76278
3051
5
76303
3052
5
76328
3053
5
76353
3054
5
76378
3055
5
76403
3056
5
76428
3057
5
76453
3058
5
76478
3059
5
76503
3060
5
76528
3061
5
76553
3062
5
76578
3063
5
76603
3064
5
76628
3065
5
76653
3066
5
76678
3067
5
76703
3068
5
76728
3069
5
76753
3070
5
76778
3071
5
76803
3072
5
76828
3073
5
76853
3074
5
76878
3075
5
76903
3076
5
76928
3077
5
76953
3078
5
76978
3079
5
77003
3080
5
77028
3081
5
77053
3082
5
77078
3083
5
77103
3084
5
77128
3085
5
77153
3086
5
77178
3087
5
77203
3088
5
77228
3089
5
77253
3090
5
77278
3091
5
77303
3092
5
77328
3093
5
77353
3094
5
77378
3095
5
77403
3096
5
77428
3097
5
77453
3098
5
77478
3099
5
77503
3100
5
77528
3101
5
77553
3102
5
77578
3103
5
77603
3104
5
77628
3105
5
77653
3106
5
77678
3107
5
77703
3108
5
77728
3109
5
77753
3110
5
77778
3111
5
77803
3112
5
77828
3113
5
77853
3114
5
77878
3115
5
77903
3116
5
77928
3117
5
77953
3118
5
77978
3119
5
78003
3120
5
78028
3121
5
78053
3122
5
78078
3123
5
78103
3124
5
78128
3125
5
78153
3126
5
78178
3127
5
78203
3128
5
78228
3129
5
78253
3130
5
78278
3131
5
78303
3132
5
78328
3133
5
78353
3134
5
78378
3135
5
78403
3136
5
78428
3137
5
78453
3138
5
78478
3139
5
78503
3140
5
78528
3141
5
78553
3142
5
78578
3143
5
78603
3144
5
78628
3145
5
78653
3146
5
78678
3147
5
78703
3148
5
78728
3149
5
78753
3150
5
78778
3151
5
78803
3152
5
78828
3153
5
78853
3154
5
78878
3155
5
78903
3156
5
78928
3157
5
78953
3158
5
78978
3159
5
79003
3160
5
79028
3161
5
79053
3162
5
79078
3163
5
79103
3164
5
79128
3165
5
79153
3166
5
79178
3167
5
79203
3168
5
79228
3169
5
79253
3170
5
79278
3171
5
79303
3172
5
79328
3173
5
79353
3174
5
79378
3175
5
79403
3176
5
79428
3177
5
79453
3178
5
79478
3179
5
79503
3180
5
79528
3181
5
79553
3182
5
79578
3183
5
79603
3184
5
79628
3185
5
79653
3186
5
79678
3187
5
79703
3188
5
79728
3189
5
79753
3190
5
79778
3191
5
79803
3192
5
79828
3193
5
79853
3194
5
79878
3195
5
79903
3196
5
79928
3197
5
79953
3198
5
79978
3199
5
80003
3200
5
80028
3201
5
80053
3202
5
80078
3203
5
80103
3204
5
80128
3205
5
80153
3206
5
80178
3207
5
80203
3208
5
80228
3209
5
80253
3210
5
80278
3211
5
80303
3212
5
80328
3213
5
80353
3214
5
80378
3215
5
80403
3216
5
80428
3217
5
80453
3218
5
80478
3219
5
80503
3220
5
80528
3221
5
80553
3222
5
80578
3223
5
80603
3224
5
80628
3225
5
80653
3226
5
80678
3227
5
80703
3228
5
80728
3229
5
80753
3230
5
80778
3231
5
80803
3232
5
80828
3233
5
80853
3234
5
80878
3235
5
80903
3236
5
80928
3237
5
80953
3238
5
80978
3239
5
81003
3240
5
81028
3241
5
81053
3242
5
81078
3243
5
81103
3244
5
81128
3245
5
81153
3246
5
81178
3247
5
81203
3248
5
81228
3249
5
81253
3250
5
81278
3251
5
81303
3252
5
81328
3253
5
81353
3254
5
81378
3255
5
81403
3256
5
81428
3257
5
81453
3258
5
81478
3259
5
81503
3260
5
81528
3261
5
81553
3262
5
81578
3263
5
81603
3264
5
81628
3265
5
81653
3266
5
81678
3267
5
81703
3268
5
81728
3269
5
81753
3270
5
81778
3271
5
81803
3272
5
81828
3273
5
81853
3274
5
81878
3275
5
81903
3276
5
81928
3277
5
81953
3278
5
81978
3279
5
82003
3280
5
82028
3281
5
82053
3282
5
82078
3283
5
82103
3284
5
82128
3285
5
82153
3286
5
82178
3287
5
82203
3288
5
82228
3289
5
82253
3290
5
82278
3291
5
82303
3292
5
82328
3293
5
82353
3294
5
82378
3295
5
82403
3296
5
82428
3297
5
82453
3298
5
82478
3299
5
82503
3300
5
82528
3301
5
82553
3302
5
82578
3303
5
82603
3304
5
82628
3305
5
82653
3306
5
82678
3307
5
82703
3308
5
82728
3309
5
82753
3310
5
82778
3311
5
82803
3312
5
82828
3313
5
82853
3314
5
82878
3315
5
82903
3316
5
82928
3317
5
82953
3318
5
82978
3319
5
83003
3320
5
83028
3321
5
83053
3322
5
83078
3323
5
83103
3324
5
83128
3325
5
83153
3326
5
83178
3327
5
83203
3328
5
83228
3329
5
83253
3330
5
83278
3331
5
83303
3332
5
83328
3333
5
83353
3334
5
83378
3335
5
83403
3336
5
83428
3337
5
83453
3338
5
83478
3339
5
83503
3340
5
83528
3341
5
83553
3342
5
83578
3343
5
83603
3344
5
83628
3345
5
83653
3346
5
83678
3347
5
83703
3348
5
83728
3349
5
83753
3350
5
83778
3351
5
83803
3352
5
83828
3353
5
83853
3354
5
83878
3355
5
83903
3356
5
83928
3357
5
83953
3358
5
83978
3359
5
84003
3360
5
84028
3361
5
84053
3362
5
84078
3363
5
84103
3364
5
84128
3365
5
84153
3366
5
84178
3367
5
84203
3368
5
84228
3369
5
84253
3370
5
84278
3371
5
84303
3372
5
84328
3373
5
84353
3374
5
84378
3375
5
84403
3376
5
84428
3377
5
84453
3378
5
84478
3379
5
84503
3380
5
84528
3381
5
84553
3382
5
84578
3383
5
84603
3384
5
84628
3385
5
84653
3386
5
84678
3387
5
84703
3388
5
84728
3389
5
84753
3390
5
84778
3391
5
84803
3392
5
84828
3393
5
84853
3394
5
84878
3395
5
84903
3396
5
84928
3397
5
84953
3398
5
84978
3399
5
85003
3400
5
85028
3401
5
85053
3402
5
85078
3403
5
85103
3404
5
85128
3405
5
85153
3406
5
85178
3407
5
85203
3408
5
85228
3409
5
85253
3410
5
85278
3411
5
85303
3412
5
85328
3413
5
85353
3414
5
85378
3415
5
85403
3416
5
85428
3417
5
85453
3418
5
85478
3419
5
85503
3420
5
85528
3421
5
85553
3422
5
85578
3423
5
85603
3424
5
85628
3425
5
85653
3426
5
85678
3427
5
85703
3428
5
85728
3429
5
85753
3430
5
85778
3431
5
85803
3432
5
85828
3433
5
85853
3434
5
85878
3435
5
85903
3436
5
85928
3437
5
85953
3438
5
85978
3439
5
86003
3440
5
86028
3441
5
86053
3442
5
86078
3443
5
86103
3444
5
86128
3445
5
86153
3446
5
86178
3447
5
86203
3448
5
86228
3449
5
86253
3450
5
86278
3451
5
86303
3452
5
86328
3453
5
86353
3454
5
86378
3455
5
86403
3456
5
86428
3457
5
86453
3458
5
86478
3459
5
86503
3460
5
86528
3461
5
86553
3462
5
86578
3463
5
86603
3464
5
86628
3465
5
86653
3466
5
86678
3467
5
86703
3468
5
86728
3469
5
86753
3470
5
86778
3471
5
86803
3472
5
86828
3473
5
86853
3474
5
86878
3475
5
86903
3476
5
86928
3477
5
86953
3478
5
86978
3479
5
87003
3480
5
87028
3481
5
87053
3482
5
87078
3483
5
87103
3484
5
87128
3485
5
87153
3486
5
87178
3487
5
87203
3488
5
87228
3489
5
87253
3490
5
87278
3491
5
87303
3492
5
87328
3493
5
87353
3494
5
87378
3495
5
87403
3496
5
87428
3497
5
87453
3498
5
87478
3499
5
87503
3500
5
87528
3501
5
87553
3502
5
87578
3503
5
87603
3504
5
87628
3505
5
87653
3506
5
87678
3507
5
87703
3508
5
87728
3509
5
87753
3510
5
87778
3511
5
87803
3512
5
87828
3513
5
87853
3514
5
87878
3515
5
87903
3516
5
87928
3517
5
87953
3518
5
87978
3519
5
88003
3520
5
88028
3521
5
88053
3522
5
88078
3523
5
88103
3524
5
88128
3525
5
88153
3526
5
88178
3527
5
88203
3528
5
88228
3529
5
88253
3530
5
88278
3531
5
88303
3532
5
88328
3533
5
88353
3534
5
88378
3535
5
88403
3536
5
88428
3537
5
88453
3538
5
88478
3539
5
88503
3540
5
88528
3541
5
88553
3542
5
88578
3543
5
88603
3544
5
88628
3545
5
88653
3546
5
88678
3547
5
88703
3548
5
88728
3549
5
88753
3550
5
88778
3551
5
88803
3552
5
88828
3553
5
88853
3554
5
88878
3555
5
88903
3556
5
88928
3557
5
88953
3558
5
88978
3559
5
89003
3560
5
89028
3561
5
89053
3562
5
89078
3563
5
89103
3564
5
89128
3565
5
89153
3566
5
89178
3567
5
89203
3568
5
89228
3569
5
89253
3570
5
89278
3571
5
89303
3572
5
89328
3573
5
89353
3574
5
89378
3575
5
89403
3576
5
89428
3577
5
89453
3578
5
89478
3579
5
89503
3580
5
89528
3581
5
89553
3582
5
89578
3583
5
89603
3584
5
89628
3585
5
89653
3586
5
89678
3587
5
89703
3588
5
89728
3589
5
89753
3590
5
89778
3591
5
89803
3592
5
89828
3593
5
89853
3594
5
89878
3595
5
89903
3596
5
89928
3597
5
89953
3598
5
89978
3599
5
90003
3600
5
90028
3601
5
90053
3602
5
90078
3603
5
90103
3604
5
90128
3605
5
90153
3606
5
90178
3607
5
90203
3608
5
90228
3609
5
90253
3610
5
90278
3611
5
90303
3612
5
90328
3613
5
90353
3614
5
90378
3615
5
90403
3616
5
90428
3617
5
90453
3618
5
90478
3619
5
90503
3620
5
90528
3621
5
90553
3622
5
90578
3623
5
90603
3624
5
90628
3625
5
90653
3626
5
90678
3627
5
90703
3628
5
90728
3629
5
90753
3630
5
90778
3631
5
90803
3632
5
90828
3633
5
90853
3634
5
90878
3635
5
90903
3636
5
90928
3637
5
90953
3638
5
90978
3639
5
91003
3640
5
91028
3641
5
91053
3642
5
91078
3643
5
91103
3644
5
91128
3645
5
91153
3646
5
91178
3647
5
91203
3648
5
91228
3649
5
91253
3650
5
91278
3651
5
91303
3652
5
91328
3653
5
91353
3654
5
91378
3655
5
91403
3656
5
91428
3657
5
91453
3658
5
91478
3659
5
91503
3660
5
91528
3661
5
91553
3662
5
91578
3663
5
91603
3664
5
91628
3665
5
91653
3666
5
91678
3667
5
91703
3668
5
91728
3669
5
91753
3670
5
91778
3671
5
91803
3672
5
91828
3673
5
91853
3674
5
91878
3675
5
91903
3676
5
91928
3677
5
91953
3678
5
91978
3679
5
92003
3680
5
92028
3681
5
92053
3682
5
92078
3683
5
92103
3684
5
92128
3685
5
92153
3686
5
92178
3687
5
92203
3688
5
92228
3689
5
92253
3690
5
92278
3691
5
92303
3692
5
92328
3693
5
92353
3694
5
92378
3695
5
92403
3696
5
92428
3697
5
92453
3698
5
92478
3699
5
92503
3700
5
92528
3701
5
92553
3702
5
92578
3703
5
92603
3704
5
92628
3705
5
92653
3706
5
92678
3707
5
92703
3708
5
92728
3709
5
92753
3710
5
92778
3711
5
92803
3712
5
92828
3713
5
92853
3714
5
92878
3715
5
92903
3716
5
92928
3717
5
92953
3718
5
92978
3719
5
93003
3720
5
93028
3721
5
93053
3722
5
93078
3723
5
93103
3724
5
93128
3725
5
93153
3726
5
93178
3727
5
93203
3728
5
93228
3729
5
93253
3730
5
93278
3731
5
93303
3732
5
93328
3733
5
93353
3734
5
93378
3735
5
93403
3736
5
93428
3737
5
93453
3738
5
93478
3739
5
93503
3740
5
93528
3741
5
93553
3742
5
93578
3743
5
93603
3744
5
93628
3745
5
93653
3746
5
93678
3747
5
93703
3748
5
93728
3749
5
93753
3750
5
93778
3751
5
93803
3752
5
93828
3753
5
93853
3754
5
93878
3755
5
93903
3756
5
93928
3757
5
93953
3758
5
93978
3759
5
94003
3760
5
94028
3761
5
94053
3762
5
94078
3763
5
94103
3764
5
94128
3765
5
94153
3766
5
94178
3767
5
94203
3768
5
94228
3769
5
94253
3770
5
94278
3771
5
94303
3772
5
94328
3773
5
94353
3774
5
94378
3775
5
94403
3776
5
94428
3777
5
94453
3778
5
94478
3779
5
94503
3780
5
94528
3781
5
94553
3782
5
94578
3783
5
94603
3784
5
94628
3785
5
94653
3786
5
94678
3787
5
94703
3788
5
94728
3789
5
94753
3790
5
94778
3791
5
94803
3792
5
94828
3793
5
94853
3794
5
94878
3795
5
94903
3796
5
94928
3797
5
94953
3798
5
94978
3799
5
95003
3800
5
95028
3801
5
95053
3802
5
95078
3803
5
95103
3804
5
95128
3805
5
95153
3806
5
95178
3807
5
95203
3808
5
95228
3809
5
95253
3810
5
95278
3811
5
95303
3812
5
95328
3813
5
95353
3814
5
95378
3815
5
95403
3816
5
95428
3817
5
95453
3818
5
95478
3819
5
95503
3820
5
95528
3821
5
95553
3822
5
95578
3823
5
95603
3824
5
95628
3825
5
95653
3826
5
95678
3827
5
95703
3828
5
95728
3829
5
95753
3830
5
95778
3831
5
95803
3832
5
95828
3833
5
95853
3834
5
95878
3835
5
95903
3836
5
95928
3837
5
95953
3838
5
95978
3839
5
96003
3840
5
96028
3841
5
96053
3842
5
96078
3843
5
96103
3844
5
96128
3845
5
96153
3846
5
96178
3847
5
96203
3848
5
96228
3849
5
96253
3850
5
96278
3851
5
96303
3852
5
96328
3853
5
96353
3854
5
96378
3855
5
96403
3856
5
96428
3857
5
96453
3858
5
96478
3859
5
96503
3860
5
96528
3861
5
96553
3862
5
96578
3863
5
96603
3864
5
96628
3865
5
96653
3866
5
96678
3867
5
96703
3868
5
96728
3869
5
96753
3870
5
96778
3871
5
96803
3872
5
96828
3873
5
96853
3874
5
96878
3875
5
96903
3876
5
96928
3877
5
96953
3878
5
96978
3879
5
97003
3880
5
97028
3881
5
97053
3882
5
97078
3883
5
97103
3884
5
97128
3885
5
97153
3886
5
97178
3887
5
97203
3888
5
97228
3889
5
97253
3890
5
97278
3891
5
97303
3892
5
97328
3893
5
97353
3894
5
97378
3895
5
97403
3896
5
97428
3897
5
97453
3898
5
97478
3899
5
97503
3900
5
97528
3901
5
97553
3902
5
97578
3903
5
97603
3904
5
97628
3905
5
97653
3906
5
97678
3907
5
97703
3908
5
97728
3909
5
97753
3910
5
97778
3911
5
97803
3912
5
97828
3913
5
97853
3914
5
97878
3915
5
97903
3916
5
97928
3917
5
97953
3918
5
97978
3919
5
98003
3920
5
98028
3921
5
98053
3922
5
98078
3923
5
98103
3924
5
98128
3925
5
98153
3926
5
98178
3927
5
98203
3928
5
98228
3929
5
98253
3930
5
98278
3931
5
98303
3932
5
98328
3933
5
98353
3934
5
98378
3935
5
98403
3936
5
98428
3937
5
98453
3938
5
98478
3939
5
98503
3940
5
98528
3941
5
98553
3942
5
98578
3943
5
98603
3944
5
98628
3945
5
98653
3946
5
98678
3947
5
98703
3948
5
98728
3949
5
98753
3950
5
98778
3951
5
98803
3952
5
98828
3953
5
98853
3954
5
98878
3955
5
98903
3956
5
98928
3957
5
98953
3958
5
98978
3959
5
99003
3960
5
99028
3961
5
99053
3962
5
99078
3963
5
99103
3964
5
99128
3965
5
99153
3966
5
99178
3967
5
99203
3968
5
99228
3969
5
99253
3970
5
99278
3971
5
99303
3972
5
99328
3973
5
99353
3974
5
99378
3975
5
99403
3976
5
99428
3977
5
99453
3978
5
99478
3979
5
99503
3980
5
99528
3981
5
99553
3982
5
99578
3983
5
99603
3984
5
99628
3985
5
99653
3986
5
99678
3987
5
99703
3988
5
99728
3989
5
99753
3990
5
99778
3991
5
99803
3992
5
99828
3993
5
99853
3994
5
99878
3995
5
99903
3996
5
99928
3997
5
99953
3998
5
99978
3999
5
100003
4000
5
100028
4001
5
100053
4002
5
100078
4003
5
100103
4004
5
100128
4005
5
100153
4006
5
100178
4007
5
100203
4008
5
100228
4009
5
100253
4010
5
100278
4011
5
100303
4012
5
100328
4013
5
100353
4014
5
100378
4015
5
100403
4016
5
100428
4017
5
100453
4018
5
100478
4019
5
100503
4020
5
100528
4021
5
100553
4022
5
100578
4023
5
100603
4024
5
100628
4025
5
100653
4026
5
100678
4027
5
100703
4028
5
100728
4029
5
100753
4030
5
100778
4031
5
100803
4032
5
100828
4033
5
100853
4034
5
100878
4035
5
100903
4036
5
100928
4037
5
100953
4038
5
100978
4039
5
101003
4040
5
101028
4041
5
101053
4042
5
101078
4043
5
101103
4044
5
101128
4045
5
101153
4046
5
101178
4047
5
101203
4048
5
101228
4049
5
101253
4050
5
101278
4051
5
101303
4052
5
101328
4053
5
101353
4054
5
101378
4055
5
101403
4056
5
101428
4057
5
101453
4058
5
101478
4059
5
101503
4060
5
101528
4061
5
101553
4062
5
101578
4063
5
101603
4064
5
101628
4065
5
101653
4066
5
101678
4067
5
101703
4068
5
101728
4069
5
101753
4070
5
101778
4071
5
101803
4072
5
101828
4073
5
101853
4074
5
101878
4075
5
101903
4076
5
101928
4077
5
101953
4078
5
101978
4079
5
102003
4080
5
102028
4081
5
102053
4082
5
102078
4083
5
102103
4084
5
102128
4085
5
102153
4086
5
102178
4087
5
102203
4088
5
102228
4089
5
102253
4090
5
102278
4091
5
102303
4092
5
102328
4093
5
102353
4094
5
102378
4095
5
102403
4096
5
102428
4097
5
102453
4098
5
102478
4099
5
102503
4100
5
102528
4101
5
102553
4102
5
102578
4103
5
102603
4104
5
102628
4105
5
102653
4106
5
102678
4107
5
102703
4108
5
102728
4109
5
102753
4110
5
102778
4111
5
102803
4112
5
102828
4113
5
102853
4114
5
102878
4115
5
102903
4116
5
102928
4117
5
102953
4118
5
102978
4119
5
103003
4120
5
103028
4121
5
103053
4122
5
103078
4123
5
103103
4124
5
103128
4125
5
103153
4126
5
103178
4127
5
103203
4128
5
103228
4129
5
103253
4130
5
103278
4131
5
103303
4132
5
103328
4133
5
103353
4134
5
103378
4135
5
103403
4136
5
103428
4137
5
103453
4138
5
103478
4139
5
103503
4140
5
103528
4141
5
103553
4142
5
103578
4143
5
103603
4144
5
103628
4145
5
103653
4146
5
103678
4147
5
103703
4148
5
103728
4149
5
103753
4150
5
103778
4151
5
103803
4152
5
103828
4153
5
103853
4154
5
103878
4155
5
103903
4156
5
103928
4157
5
103953
4158
5
103978
4159
5
104003
4160
5
104028
4161
5
104053
4162
5
104078
4163
5
104103
4164
5
104128
4165
5
104153
4166
5
104178
4167
5
104203
4168
5
104228
4169
5
104253
4170
5
104278
4171
5
104303
4172
5
104328
4173
5
104353
4174
5
104378
4175
5
104403
4176
5
104428
4177
5
104453
4178
5
104478
4179
5
104503
4180
5
104528
4181
5
104553
4182
5
104578
4183
5
104603
4184
5
104628
4185
5
104653
4186
5
104678
4187
5
104703
4188
5
104728
4189
5
104753
4190
5
104778
4191
5
104803
4192
5
104828
4193
5
104853
4194
5
104878
4195
5
104903
4196
5
104928
4197
5
104953
4198
5
104978
4199
5
105003
4200
5
105028
4201
5
105053
4202
5
105078
4203
5
105103
4204
5
105128
4205
5
105153
4206
5
105178
4207
5
105203
4208
5
105228
4209
5
105253
4210
5
105278
4211
5
105303
4212
5
105328
4213
5
105353
4214
5
105378
4215
5
105403
4216
5
105428
4217
5
105453
4218
5
105478
4219
5
105503
4220
5
105528
4221
5
105553
4222
5
105578
4223
5
105603
4224
5
105628
4225
5
105653
4226
5
105678
4227
5
105703
4228
5
105728
4229
5
105753
4230
5
105778
4231
5
105803
4232
